[    0.000] Iitlizing cgoususyspuet[   0.000000] Initializing cgroup subsys cpu
[    0.000000] Initializing cgroup subsys cpuacct
[   0.0000] Liuxvesio 4.0-165-geneic(bild@w01-amd64-027) gcvession 5.020160609 (Ubun 5.4.-6buntu1~6.04.10) ) 193-UbutuMPTue p 7 17:2: UTC 20 (buntu .40-6519geeri 44.89)[   .000000] Comanline: BOOT_IMAGE=/boot/vmlinnu-4.0-16-gneicro=UID=607934aaf1-47d3-8c8-6038169 r conol=ty1 conolttyS0
   000000] KRNEL spport cus:
   0.00000]   Intel GenuineIntel
[   000000]   AM AthnticAD[    0.000]   Ctar CentarHls
[    0.0000]x86/u:state_ofset[]: 576, xta_size2]  26
[  0.0000] 86/f: upportig XSVEfeatur 0x0: x87 foang poit egistes'
   0000000]x8/fu:Supoti XAVfeture0x: 'SE giters'
[  000000x86/fp: pprting XSAV fture0x: AVX egters
[    0.000000] x86/fpu: Enabled xstate features 0x7, context size is 832 bytes, using'stadad'orma.[    00000] 82 BIOS-povde pyscal RAM map
    00000] IO-e20[me 0x000000000000000x0000000000fbf]usle
[   0.0000BIS-82: em0x000000fc000x000000009ffff] seved
[  00000 BIOS-e80:[mm 0x0000000f000x00000000fff] reseve
[   000000] IO-e20: [em0x000000000100000-0x000000003ffeffff] usable
[    0.000000] BIOS-e820: [mem 0x000003ff00-0x000003fffff] CPdaa
[    0.000] BIOS-e20[mm 0x00000fec00-0000000ec00fff] resered
[  .000000] IOe820:me 000000fee00000-0x000000000fe0ff]eserved
[    0.000000] BOS-e80: [mem x000000fc000-0x0000000ffffff] reseve
[    00000] NX Exute isle protecon ati
[    00000] SMOS2.5prent.
[  000000]yprvisor detected: KVM
[   00000] 20: lastpf= 0xff mx_arh_pn  0x4000000
[   0.0000 MTRR Dabled
[   0.0000] 6/AT MRs dsaed sipngPATiniaizatio t.
[    0.000] CPU MTR al an- virtualze sstem.
[    0.000] x86AT Configuration [0-7]: WB  WT  UC- UC  WB  T C-UC  
  0.0000 found SMPMPtabl at [mem 0x0009fff0-0x0009ffff] mapped at [ffff88000009fff0]

[    0.000000] Scanning 1 areas for lowmeoryorption[   .00000] RAMDISK: [mem 0x361e4000-0x370e9fff][    00000] PI Early table checksum verificatn isled
[    0.000000] ACPI: RSDP 0x00000000000E0000 00004 v02 VBOX )[    0.000] APIXST 0000003FF00 00003C (v0 VX   BOSD 0000000 AL 0000061)
[    0.0000] ACP: FAP 0000003FF00F 0000F4 (v04 VBOX   VBOXFACP 00000001 ASL  00000061)
[    0.000000] ACPI: DSDT 0x000000003FFF0470 0021FF (v02 VBOX   VBOXBIOS 00000002 INTL 201052)
[    0.000000] ACPI: FACS 0x000003FFF00 0040[    .0000] ACI:ACS 00000003FF02 00040
[    0.000000] ACPI: API 000000003FFF240 00005C (v02 VBX VBOXAPIC 00000001 ASL  00000061)
[    0.000000] CPI: SSDT 0x000000003FFF02A0 0001CC (v01 VBOX   VBOXCPU 0000002INL 201005)
[    00000] No UMconfiguraon found
[    0.000000] Faing noe t em 0x000000000000000-0x0000003fffff]
[    0000000] NODE_DATA(0) allocated [mem 0x3ffeb000-0x3ffeffff]
[    0.000000] kvm-clock Uin msrs 4b54d ad b5d00
[    00000]kvclock:pu, msr0:fe30, rimarcp clock[    0.000000] kvm-clock: using sched fft of 50770860cycls[    00000 clocsoce: vmclock: mask: 0xfffffffffff mx_yces 01c42e4db,ma_ie_s:881590591483 ns
[    0.0000] Zoe nges:
[   0.0000]  MA    [m 0x0000000000000-0x0000000fff]    0.0000   DMA3  [mem0x00000001000-0x00000003fffff]
[    0.000000]   Normal   empty
[    0.00000]   eve   ety
[    0.000000] Movable zone start for each node
[   000000] Ear mmory nodrages
[  000000]   nde  0: [mem 0x00000000001000-0000000009ff
[    0000]   de  0[mm 0x0000000000000x0000003ffff]    0.00000]nimemetp nde 0 [mem 0x000000000100-0000000ffff]
[  000000]CPI: P-TerIO Port:0x08
[  000000IOAPI[0 apicid, verio32 addrs xfec000, GS 0-23[    .0000] ACPI INT_SC_VR(b 0bu_irq 0 global_irq 2 dfl dfl)
[   0.000000] ACPI: INTSRC_OVR (bus 0 bus_irq 9 global_irq 9 low lev)
[   000000]Usg ACP (DT) orMPconfigatoninrmtion[   0.000]smoo: Alowg 2 PU 0hopl CUs
   000000] : Regsted nav memoy:mem 0x00000-0x000fff]
[    .00000PM Regsted nsa memory:me 0x00000-00009ff]
[  000000]M: Riserd sae memy:[mem 0000000x0effff]
[   00000] M: Riserenoave emor: mem 000f000-0x00ffff]
[   .00000] e82: em 040000-0ebffff ailablfo P dices
[   00000 Bootinpaavtuizedkeel o K
[   0.0000clocsourcereind-ifie: mak:xffffff ax_cyces: 0ffffff, ma_ie_ns: 76451600211568 s
[  .00000]etp_prc: NR_CUS12 nr_puskbits51 n_cu_ds2 nrno_is:1
  0.000000] ERPU: beeed 34pas/cpu@fff803f0000 s99544 r8192d328u1004857
    0.00000] uilt 1 zneis i Nodeorr, moblity grupngon  tal ag: 257912[    00000] Polcyzoe: DMA32
[  0.00000Kernecomad ne: BOO_IME=/botmlinuz-44.165-genriroot=UUID609f34-f147d3-8c86-65d03814696c ro consolett1 onole=ttS0
[   0.00000]PIhash tae ntris:09 (orer3, 376byes)
[  000000] Memy: 971K/04810Kaville(862K kernecoe,13K wdata 42Krrodta1484K ni 1284 b, 5094Keserve,  cma-reered)
[    0.000000] SLUB: HWalign=64, Order=0-3, MinObjects=0, CPUs=2, Nodes=
[    0.000000] Kernel/User page tables isolation: enabled
[    .0000] Hierarchical RCU implementation.
[    0.000000] Buldtim austment oflef fanout to 64.
[    0.000000] 	RCU restricting CPUs fom NR_CPUS=51 to nr_cpu_ids=2.
[    0.000000] RCU: Adjusting geometry for rcu_fanout_leaf=64, nr_cpu_ids=2
[    0.000000] NR_IRQS:33024 nr_irqs:44 16[   0.000] Consoe:olourVG 80x25
[    0.000] conle[tty1] nale
  0.0000]onsole [ttyS] able
   0.000000] tsc: Detected 1799.999 MHz processor
[   23.590235] Calibrating delay loop (skipped) preset value.. 3599.99 BogoMIPS (lpj=7199996)
[   23.694725] pid_max: default: 32768 minimum: 301
[   23.762154] ACPI: Core revision 20150930
[   23.813015] ACPI: 2 ACPI AML tables successfully acquired and loaded
[   23.907253] Security Framework initialized
[   23.951447] Yama: becoming mindful.
[   23.973783] AppArmor: AppArmor initialized
[   24.040104] Dentry cache hash table entries: 131072 (order: 8, 1048576 bytes)
[   24.082445] Inode-cache hash table entries: 65536 (order: 7, 524288 bytes)
[   24.186424] Mount-cache hash table entries: 2048 (order: 2, 16384 bytes)
[   24.293717] Mountpoint-cache hash table entries: 2048 (order: 2, 16384 bytes)
[   24.398315] Initializing cgroup subsys io
[   24.469659] Initializing cgroup subsys memory
[   24.537974] Initializing cgroup subsys devices
[   24.609802] Initializing cgroup subsys freezer
[   24.686131] Initializing cgroup subsys net_cls
[   24.730326] Initializing cgroup subsys perf_event
[   24.798020] Initializing cgroup subsys net_prio
[   24.851558] Initializing cgroup subsys hugetlb
[   24.861156] Initializing cgroup subsys pids
[   24.872391] mce: CPU supports 0 MCE banks
[   24.886400] Last level iTLB entries: 4KB 64, 2MB 8, 4MB 8
[   24.953683] Last level dTLB entries: 4KB 64, 2MB 0, 4MB 0, 1GB 4
[   25.053513] Spectre V1 : Mitigation: usercopy/swapgs barriers and __user pointer sanitization
[   25.092774] Spectre V2 : Mitigation: Full generic retpoline
[   25.145695] Spectre V2 : Spectre v2 / SpectreRSB mitigation: Filling RSB on context switch
[   25.278737] Speculative Store Bypass: Vulnerable
[   25.354387] MDS: Vulnerable: Clear CPU buffers attempted, no microcode
[   25.476947] Freeing SMP alternatives memory: 36K
[   25.550853] ftrace: allocating 32318 entries in 127 pages
[   25.689411] smpboot: APIC(0) Converting physical 0 to logical package 0
[   25.711382] smpboot: Max logical packages: 1
[   25.730174] x2apic enabled
[   25.762342] Switched APIC routing to physical x2apic.
[   25.777858] ..TIMER: vector=0x30 apic1=0 pin1=2 apic2=-1 pin2=-1
[   25.909532] smpboot: CPU0: Intel(R) Core(TM) i5-5350U CPU @ 1.80GHz (family: 0x6, model: 0x3d, stepping: 0x4)
[   25.995713] Performance Events: unsupported p6 CPU model 61 no PMU driver, software events only.
[   26.051784] KVM setup paravirtual spinlock
[   26.065600] x86: Booting SMP configuration:
[   26.092706] .... node  #0, CPUs:      #1
[   26.110439] kvm-clock: cpu 1, msr 0:3ffe3041, secondary cpu clock
[   26.173169] mce: CPU supports 0 MCE banks
[   26.204313] x86: Booted up 1 node, 2 CPUs
[   26.233702] smpboot: Total of 2 processors activated (7199.99 BogoMIPS)
[   26.291056] devtmpfs: initialized
[   26.302660] evm: security.selinux
[   26.328123] evm: security.SMACK64
[   26.340359] evm: security.SMACK64EXEC
[   26.381219] evm: security.SMACK64TRANSMUTE
[   26.401673] evm: security.SMACK64MMAP
[   26.438089] evm: security.ima
[   26.475300] evm: security.capability
[   26.521778] clocksource: jiffies: mask: 0xffffffff max_cycles: 0xffffffff, max_idle_ns: 7645041785100000 ns
[   26.634627] futex hash table entries: 512 (order: 3, 32768 bytes)
[   26.692661] pinctrl core: initialized pinctrl subsystem
[   26.766735] RTC time:  3:59:28, date: 11/11/19
[   26.802133] NET: Registered protocol family 16
[   26.854746] cpuidle: using governor ladder
[   26.918595] cpuidle: using governor menu
[   26.961341] PCCT header not found.
[   26.995519] ACPI: bus type PCI registered
[   27.037477] acpiphp: ACPI Hot Plug PCI Controller Driver version: 0.5
[   27.110172] PCI: Using configuration type 1 for base access
[   27.181236] ACPI: Added _OSI(Module Device)
[   27.191872] ACPI: Added _OSI(Processor Device)
[   27.207891] ACPI: Added _OSI(3.0 _SCP Extensions)
[   27.215648] ACPI: Added _OSI(Processor Aggregator Device)
[   27.238572] ACPI: Executed 1 blocks of module-level executable AML code
[   27.298222] ACPI: Interpreter enabled
[   27.325413] ACPI: (supports S0 S5)
[   27.367238] ACPI: Using IOAPIC for interrupt routing
[   27.407411] PCI: Using host bridge windows from ACPI; if necessary, use "pci=nocrs" and report a bug
[   27.476306] ACPI: PCI Root Bridge [PCI0] (domain 0000 [bus 00-ff])
[   27.539078] acpi PNP0A03:00: _OSC: OS supports [ASPM ClockPM Segments MSI]
[   27.602174] acpi PNP0A03:00: _OSC: not requesting OS control; OS requires [ExtendedConfig ASPM ClockPM MSI]
[   27.696865] acpi PNP0A03:00: fail to add MMCONFIG information, can't access extended PCI configuration space under this bridge.
[   27.808349] PCI host bridge to bus 0000:00
[   27.863898] pci_bus 0000:00: root bus resource [io  0x0000-0x0cf7 window]
[   27.921750] pci_bus 0000:00: root bus resource [io  0x0d00-0xffff window]
[   27.985848] pci_bus 0000:00: root bus resource [mem 0x000a0000-0x000bffff window]
[   28.022199] pci_bus 0000:00: root bus resource [mem 0x40000000-0xfdffffff window]
[   28.078623] pci_bus 0000:00: root bus resource [bus 00-ff]
[   28.121961] pci 0000:00:01.1: legacy IDE quirk: reg 0x10: [io  0x01f0-0x01f7]
[   28.188725] pci 0000:00:01.1: legacy IDE quirk: reg 0x14: [io  0x03f6]
[   28.191994] pci 0000:00:01.1: legacy IDE quirk: reg 0x18: [io  0x0170-0x0177]
[   28.217808] pci 0000:00:01.1: legacy IDE quirk: reg 0x1c: [io  0x0376]
[   28.280468] pci 0000:00:07.0: quirk: [io  0x4000-0x403f] claimed by PIIX4 ACPI
[   28.351656] pci 0000:00:07.0: quirk: [io  0x4100-0x410f] claimed by PIIX4 SMB
[   28.399260] ACPI: PCI Interrupt Link [LNKA] (IRQs 5 9 10 *11)
[   28.432622] ACPI: PCI Interrupt Link [LNKB] (IRQs 5 9 *10 11)
[   28.490361] ACPI: PCI Interrupt Link [LNKC] (IRQs 5 *9 10 11)
[   28.554568] ACPI: PCI Interrupt Link [LNKD] (IRQs 5 9 10 *11)
[   28.601140] ACPI: Enabled 2 GPEs in block 00 to 07
[   28.651496] vgaarb: setting as boot device: PCI:0000:00:02.0
[   28.707380] vgaarb: device added: PCI:0000:00:02.0,decodes=io+mem,owns=io+mem,locks=none
[   28.811154] vgaarb: loaded
[   28.812279] vgaarb: bridge control possible 0000:00:02.0
[   28.859812] SCSI subsystem initialized
[   28.903027] ACPI: bus type USB registered
[   28.951410] usbcore: registered new interface driver usbfs
[   29.002459] usbcore: registered new interface driver hub
[   29.066441] usbcore: registered new device driver usb
[   29.125318] PCI: Using ACPI for IRQ routing
[   29.185295] NetLabel: Initializing
[   29.229966] NetLabel:  domain hash size = 128
[   29.282051] NetLabel:  protocols = UNLABELED CIPSOv4
[   29.326009] NetLabel:  unlabeled traffic allowed by default
[   29.335997] amd_nb: Cannot enumerate AMD northbridges
[   29.386491] clocksource: Switched to clocksource kvm-clock
[   9.236]ApArr:ppmoFisytem naed[ 300358pn P APIni
[ 30518]npPn API fnd 3 evics
[   30.970372] clocksource: acpi_pm: mask: 0xffffff max_cycles: 0xffffff, max_idle_ns: 2085701024 ns
[   31.082695] NET: Registered protocol family 2
[   31.143744] TCP established hash table entries: 8192 (order: 4, 65536 bytes)
[   31.229666] TCP bind hash table entries: 8192 (order: 5, 131072 bytes)
[   31.317728] TCP: Hash tables configured (established 8192 bind 8192)
[   31.384869] UDP hash table entries: 512 (order: 2, 16384 bytes)
[   31.428059] UDP-Lite hash table entries: 512 (order: 2, 16384 bytes)
[   31.508399] NET: Registered protocol family 1
[   31.552950] pci 0000:00:00.0: Limiting direct PCI/PCI transfers
[   31.629614] pci 0000:00:01.0: Activating ISA DMA hang workarounds
[   31.721074] Unpacking initramfs...
[   32.085057] Freeing initrd memory: 15384K
[   32.126941] RAPL PMU detected, API unit is 2^-32 Joules, 4 fixed counters 10737418240 ms ovfl timer
[   32.174673] hw unit of domain pp0-core 2^-0 Joules
[   32.223656] hw unit of domain package 2^-0 Joules
[   32.267336] hw unit of domain dram 2^-0 Joules
[   32.289264] hw unit of domain pp1-gpu 2^-0 Joules
[   32.343707] clocksource: tsc: mask: 0xffffffffffffffff max_cycles: 0x19f228ab7a2, max_idle_ns: 440795289252 ns
[   32.405856] platform rtc_cmos: registered platform RTC device (no PNP device found)
[   32.416972] Scanning for low memory corruption every 60 seconds
[   32.419410] audit: initializing netlink subsys (disabled)
[   32.488430] audit: type=2000 audit(1573444752.818:1): initialized
[   32.554674] Initialise system trusted keyring
[   32.564866] HugeTLB registered 2 MB page size, pre-allocated 0 pages
[   32.630675] zbud: loaded
[   32.641844] VFS: Disk quotas dquot_6.6.0
[   32.695743] VFS: Dquot-cache hash table entries: 512 (order 0, 4096 bytes)
[   32.754291] squashfs: version 4.0 (2009/01/31) Phillip Lougher
[   32.803705] fuse init (API version 7.23)
[   32.840200] Key type big_key registered
[   32.869552] Allocating IMA MOK and blacklist keyrings.
[   32.900043] Key type asymmetric registered
[   32.945234] Asymmetric key parser 'x509' registered
[   32.964231] Block layer SCSI generic (bsg) driver version 0.4 loaded (major 249)
[   33.005952] io scheduler noop registered
[   33.023871] io scheduler deadline registered (default)
[   33.072283] io scheduler cfq registered
[   33.117387] pci_hotplug: PCI Hot Plug PCI Core version: 0.5
[   33.165972] pciehp: PCI Express Hot Plug Controller Driver version: 0.4
[   33.229941] ACPI: AC Adapter [AC] (off-line)
[   33.303091] input: Power Button as /devices/LNXSYSTM:00/LNXPWRBN:00/input/input0
[   33.361311] ACPI: Power Button [PWRF]
[   33.409218] input: Sleep Button as /devices/LNXSYSTM:00/LNXSLPBN:00/input/input1
[   33.471460] ACPI: Sleep Button [SLPF]
[   33.499867] GHES: HEST is not enabled!
[   33.501271] ACPI: Battery Slot [BAT0] (battery present)
[   33.573430] Serial: 8250/16550 driver, 32 ports, IRQ sharing enabled
[   33.674468] 00:02: ttyS0 at I/O 0x3f8 (irq = 4, base_baud = 115200) is a 16550A
[   33.803687] Linux agpgart interface v0.103
[   33.865178] loop: module loaded
[   33.904212] scsi host0: ata_piix
[   33.934107] scsi host1: ata_piix
[   33.962955] ata1: PATA max UDMA/33 cmd 0x1f0 ctl 0x3f6 bmdma 0xd000 irq 14
[   34.001312] ata2: PATA max UDMA/33 cmd 0x170 ctl 0x376 bmdma 0xd008 irq 15
[   34.080898] libphy: Fixed MDIO Bus: probed
[   34.119311] tun: Universal TUN/TAP device driver, 1.6
[   34.144115] tun: (C) 1999-2004 Max Krasnyansky <maxk@qualcomm.com>
[   34.167547] PPP generic driver version 2.4.2
[   34.180262] ehci_hcd: USB 2.0 'Enhanced' Host Controller (EHCI) Driver
[   34.233353] ehci-pci: EHCI PCI platform driver
[   34.301219] ehci-platform: EHCI generic platform driver
[   34.330163] ohci_hcd: USB 1.1 'Open' Host Controller (OHCI) Driver
[   34.343262] ohci-pci: OHCI PCI platform driver
[   34.399704] ohci-platform: OHCI generic platform driver
[   34.452060] uhci_hcd: USB Universal Host Controller Interface driver
[   34.529751] i8042: PNP: PS/2 Controller [PNP0303:PS2K,PNP0f03:PS2M] at 0x60,0x64 irq 1,12
[   34.650401] serio: i8042 KBD port at 0x60,0x64 irq 1
[   34.718359] serio: i8042 AUX port at 0x60,0x64 irq 12
[   34.779803] mousedev: PS/2 mouse device common for all mice
[   34.844422] rtc_cmos rtc_cmos: rtc core: registered rtc_cmos as rtc0
[   34.929251] rtc_cmos rtc_cmos: alarms up to one day, 114 bytes nvram
[   34.933573] i2c /dev entries driver
[   34.979458] input: AT Translated Set 2 keyboard as /devices/platform/i8042/serio0/input/input2
[   35.008509] device-mapper: uevent: version 1.0.3
[   35.059898] device-mapper: ioctl: 4.34.0-ioctl (2015-10-28) initialised: dm-devel@redhat.com
[   35.172641] ledtrig-cpu: registered to indicate activity on CPUs
[   35.232506] NET: Registered protocol family 10
[   35.243659] NET: Registered protocol family 17
[   35.274702] Key type dns_resolver registered
[   35.289349] registered taskstats version 1
[   35.311725] Loading compiled-in X.509 certificates
[   35.327523] Loaded X.509 cert 'Build time autogenerated kernel key: 0ed82eac04367aa6426493b1389455ebf6830eaa'
[   35.393339] zswap: loaded using pool lzo/zbud
[   35.414357] Key type trusted registered
[   35.470185] Key type encrypted registered
[   35.529795] AppArmor: AppArmor sha1 policy hashing enabled
[   35.579726] ima: No TPM chip found, activating TPM-bypass!
[   35.631239] ima: Allocated hash algorithm: sha1
[   35.679855] evm: HMAC attrs: 0x1
[   35.715552]   Magic number: 11:614:967
[   35.752929] rtc_cmos rtc_cmos: setting system clock to 2019-11-11 03:59:37 UTC (1573444777)
[   35.821004] BIOS EDD facility v0.16 2004-Jun-25, 0 devices found
[   35.866141] EDD information not available.
[   35.898031] Freeing unused kernel memory: 1484K
[   35.966951] Write protecting the kernel read-only data: 14336k
[   36.063718] Freeing unused kernel memory: 1608K
[   36.107597] Freeing unused kernel memory: 64K
Loading, please [   36.173718] random: systemd-udevd: uninitialized urandom read (16 bytes read, 7 bits of entropy available)
wait...
starting version 229
[   36.174450] random: udevadm: uninitialized urandom read (16 bytes read, 7 bits of entropy available)
[   36.174468] random: udevadm: uninitialized urandom read (16 bytes read, 7 bits of entropy available)
[   36.183397] random: udevadm: uninitialized urandom read (16 bytes read, 7 bits of entropy available)
[   36.183444] random: udevadm: uninitialized urandom read (16 bytes read, 7 bits of entropy available)
[   36.183577] random: udevadm: uninitialized urandom read (16 bytes read, 7 bits of entropy available)
[   36.183626] random: udevadm: uninitialized urandom read (16 bytes read, 7 bits of entropy available)
[   36.183674] random: udevadm: uninitialized urandom read (16 bytes read, 7 bits of entropy available)
[   36.183723] random: udevadm: uninitialized urandom read (16 bytes read, 7 bits of entropy available)
[   36.183768] random: udevadm: uninitialized urandom read (16 bytes read, 7 bits of entropy available)
[   37.035169] Fusion MPT base driver 3.04.20
[   37.049135] Copyright (c) 1999-2008 LSI Corporation
[   37.060946] e1000: Intel(R) PRO/1000 Network Driver - version 7.3.21-k8-NAPI
[   37.093104] e1000: Copyright (c) 1999-2006 Intel Corporation.
[   37.107806] Fusion MPT SPI Host driver 3.04.20
[   37.120899] mptbase: ioc0: Initiating bringup
[   37.152440] AVX2 version of gcm_enc/dec engaged.
[   37.165135] AES CTR mode by8 optimization enabled
[   37.398573] input: ImExPS/2 Generic Explorer Mouse as /devices/platform/i8042/serio1/input/input4
[   37.399659] ioc0: LSI53C1030 A0: Capabilities={Initiator}
[   37.681208] scsi host2: ioc0: LSI53C1030 A0, FwRev=00000000h, Ports=1, MaxQ=256, IRQ=20
[   37.860347] scsi 2:0:0:0: Direct-Access     VBOX     HARDDISK         1.0  PQ: 0 ANSI: 5
[   37.906051] scsi target2:0:0: Beginning Domain Validation
[   37.929149] scsi target2:0:0: Domain Validation skipping write tests
[   37.936260] scsi target2:0:0: Ending Domain Validation
[   37.939583] scsi target2:0:0: asynchronous
[   37.942845] scsi 2:0:1:0: Direct-Access     VBOX     HARDDISK         1.0  PQ: 0 ANSI: 5
[   37.956144] scsi target2:0:1: Beginning Domain Validation
[   37.984781] scsi target2:0:1: Domain Validation skipping write tests
[   37.995902] scsi target2:0:1: Ending Domain Validation
[   38.011831] scsi target2:0:1: asynchronous
[   38.047701] sd 2:0:0:0: Attached scsi generic sg0 type 0
[   38.066048] sd 2:0:0:0: [sda] 20971520 512-byte logical blocks: (10.7 GB/10.0 GiB)
[   38.077648] sd 2:0:0:0: [sda] Write Protect is off
[   38.099643] sd 2:0:1:0: [sdb] 20480 512-byte logical blocks: (10.5 MB/10.0 MiB)
[   38.110740] sd 2:0:1:0: Attached scsi generic sg1 type 0
[   38.129124] sd 2:0:0:0: [sda] Incomplete mode parameter data
[   38.136814] sd 2:0:0:0: [sda] Assuming drive cache: write through
[   38.143781] sd 2:0:1:0: [sdb] Write Protect is off
[   38.161212] sd 2:0:1:0: [sdb] Incomplete mode parameter data
[   38.177616] sd 2:0:1:0: [sdb] Assuming drive cache: write through
[   38.195632]  sda: sda1
[   38.214591] sd 2:0:0:0: [sda] Attached SCSI disk
[   38.228920] sd 2:0:1:0: [sdb] Attached SCSI disk
[   38.329474] e1000 0000:00:03.0 eth0: (PCI:33MHz:32-bit) 02:aa:bd:5c:10:16
[   38.388229] e1000 0000:00:03.0 eth0: Intel(R) PRO/1000 Network Connection
[   38.899640] e1000 0000:00:08.0 eth1: (PCI:33MHz:32-bit) 08:00:27:05:68:76
[   38.955455] e1000 0000:00:08.0 eth1: Intel(R) PRO/1000 Network Connection
[   38.968675] e1000 0000:00:03.0 enp0s3: renamed from eth0
[   39.030282] e1000 0000:00:08.0 enp0s8: renamed from eth1
Begin: Loading e[   40.798711] md: linear personality registered for level -1
ssential drivers[   40.862861] md: multipath personality registered for level -4
 ... [   40.922664] md: raid0 personality registered for level 0
[   40.972630] md: raid1 personality registered for level 1
[   41.078877] raid6: sse2x1   gen()  1909 MB/s
[   41.150605] raid6: sse2x1   xor()  4406 MB/s
[   41.251506] raid6: sse2x2   gen()  9678 MB/s
[   41.322620] raid6: sse2x2   xor()  3294 MB/s
[   41.394856] raid6: sse2x4   gen()  6097 MB/s
[   41.478584] raid6: sse2x4   xor()  3863 MB/s
[   41.550573] raid6: avx2x1   gen() 10362 MB/s
[   41.626573] raid6: avx2x2   gen() 18895 MB/s
[   41.711061] raid6: avx2x4   gen() 19705 MB/s
[   41.754925] raid6: using algorithm avx2x4 gen() 19705 MB/s
[   41.838636] raid6: using avx2x2 recovery algorithm
[   41.895886] xor: automatically using best checksumming function:
[   41.994502]    avx       : 24230.000 MB/sec
[   42.048049] async_tx: api initialized (async)
[   42.132895] md: raid6 personality registered for level 6
[   42.153173] md: raid5 personality registered for level 5
[   42.156349] md: raid4 personality registered for level 4
[   42.181109] md: raid10 personality registered for level 10
done.
Begin: Running /scripts/init-premount ... done.
Begin: Mounting root file system ... Begin: Running /scripts/local-top ... done.
Begin: Running /scripts/local-premount ... [   42.290112] Btrfs loaded
Scanning for Btrfs filesystems
done.
Warning: fsck not present, so skipping root file[   42.395663] EXT4-fs (sda1): mounted filesystem with ordered data mode. Opts: (null)
 system
done.
Begin: Running /scripts/local-bottom ... done.
Begin: Running /scripts/init-bottom ... done.
[   42.721406] systemd[1]: systemd 229 running in system mode. (+PAM +AUDIT +SELINUX +IMA +APPARMOR +SMACK +SYSVINIT +UTMP +LIBCRYPTSETUP +GCRYPT +GNUTLS +ACL +XZ -LZ4 +SECCOMP +BLKID +ELFUTILS +KMOD -IDN)
[   42.863865] systemd[1]: Detected virtualization oracle.
[   42.899924] systemd[1]: Detected architecture x86-64.

Welcome to [1mUbuntu 16.04.6 LTS[0m!

[  4.011 ste[1 Set hostname to <jenkins>.

[   43.804931] systemd[1]: Created slice User and Session Slice.
[[0;32m  OK  [0m] Created slice User and Session Slice.
[   43.931418] systemd[1]: Reached target Encrypted Volumes.
[[0;32m  OK  [0m] Reached target Encrypted Volumes.
[   44.026995] systemd[1]: Started Forward Password Requests to Wall Directory Watch.
[[0;32m  OK  [0m] Started Forward Password Requests to Wall Directory Watch.
[   44.211458] systemd[1]: Listening on Syslog Socket.
[[0;32m  OK  [0m] Listening on Syslog Socket.
[   44.317363] systemd[1]: Reached target System Time Synchronized.
[[0;32m  OK  [0m] Reached target System Time Synchronized.
[   44.435381] systemd[1]: Listening on LVM2 metadata daemon socket.
[[0;32m  OK  [0m] Listening on LVM2 metadata daemon socket.
[   44.495156] systemd[1]: Started Trigger resolvconf update for networkd DNS.
[[0;32m  OK  [0m] Started Trigger resolvconf update for networkd DNS.
[   44.572540] systemd[1]: Listening on udev Control Socket.
[[0;32m  OK  [0m] Listening on udev Control Socket.
[   44.691763] systemd[1]: Set up automount Arbitrary Executable File Formats File System Automount Point.
[[0;32m  OK  [0m] Set up automount Arbitrary Executab...ats File System Automount Point.
[   44.784059] systemd[1]: Created slice System Slice.
[[0;32m  OK  [0m] Created slice System Slice.
[   44.895301] systemd[1]: Created slice system-serial\x2dgetty.slice.
[[0;32m  OK  [0m] Created slice system-serial\x2dgetty.slice.
[   45.011092] systemd[1]: Reached target Slices.
[[0;32m  OK  [0m] Reached target Slices.
[   45.119140] systemd[1]: Listening on /dev/initctl Compatibility Named Pipe.
[[0;32m  OK  [0m] Listening on /dev/initctl Compatibility Named Pipe.
[   45.239308] systemd[1]: Listening on Journal Socket (/dev/log).
[[0;32m  OK  [0m] Listening on Journal Socket (/dev/log).
[   45.351297] systemd[1]: Listening on Device-mapper event daemon FIFOs.
[[0;32m  OK  [0m] Listening on Device-mapper event daemon FIFOs.
[   45.432370] systemd[1]: Listening on Journal Socket.
[[0;32m  OK  [0m] Listening on Journal Socket.
[   45.538827] systemd[1]: Starting Create list of required static device nodes for the current kernel...
[   45.540822] random: nonblocking pool is initialized
         Starting Create list of required st... nodes for the current kernel...
[   45.706764] systemd[1]: Mounting Huge Pages File System...
         Mounting Huge Pages File System...
[   45.803405] systemd[1]: Mounting Debug File System...
         Mounting Debug File System...
[   45.871237] systemd[1]: Starting Nameserver information manager...
         Starting Nameserver information manager...
[   45.962957] systemd[1]: Starting Set console keymap...
         Starting Set console keymap...
[   46.071048] systemd[1]: Starting Remount Root and Kernel File Systems...
         Starting Remount[   46.139110] EXT4-fs (sda1): re-mounted. Opts: (null)
 Root and Kernel File Systems...
[   46.223198] systemd[1]: Mounting POSIX Message Queue File System...
         Mounting POSIX Message Queue File System...
[   46.375186] systemd[1]: Starting Uncomplicated firewall...
         Starting Uncomplicated firewall...
[ 46.413] stmd[1: stenin on ude Kerne Socket.

[[0;32m  OK  [0m] Listening on udev Kernel Socket.
[ 47398]ysmd]:eachedargt erndro Ne okps
[[0;32m  OK  [0m] Reached target User and Group Name Lookups.
[  47.951128] systemd[1]: Reached target Sp. [[0;32m  OK  [0m] Reached target Swap.
[  4.486] ysem1] Ltein oLV2 polldamon ck.
[[0;32m  OK  [0m] Listening on LVM2 poll daemon socket.
[   49.168799] systemd[1]: Starting Monitoring of LVM2 mirrors, snapshots etc. using dmeventd or progress polling...
         Starting Monitoring of LVM2 mirrors... dmeventd or progress polling...
[ 49327407] systemd[1]: Litening on Jurl AudiSoket.
[[0;32m  OK  [0m] Listening on Journal Audit Socket.
[   49.739572] systemd[1]: Starting Journal Service...
         Starting Journal Service...
[   49.836917] systemd[1]: Starting Load Kernel Modules...
         Starting Load Kernel Modules...[   49.903321] Loading iSCSI transport class v2.0-870.

[   49.962480] iscsi: registered transport (tcp)
[   50.016326] systemd[1]: Mounted Debug File System.
[[0;32m  OK  [0m] Mounted Debug File System.
[   50.055068] systemd[1]: Mounted Huge Pages File System.
[[0;32m  OK  [0m] Mounted Huge Pages File System.
[   50.087329] iscsi: registered transport (iser)
[   50.087434] systemd[1]: Mounted POSIX Message Queue File System.
[[0;32m  OK  [0m] Mounted POSIX Message Queue File System.
[  5.2550] systmd[1]: taedJonaServic. [[0;32m  OK  [0m] Started Journal Service.
[[0;32m  OK  [0m] Started Create list of required sta...ce nodes for the current kernel.
[[0;32m  OK  [0m] Started Set console keymap.
[[0;32m  OK  [0m] Started Remount Root and Kernel File Systems.
[[0;32m  OK  [0m] Started Uncomplicated firewall.
[[0;32m  OK  [0m] Started Load Kernel Modules.
[[0;32m  OK  [0m] Started Nameserver information manager.
[[0;32m  OK  [0m] Started LVM2 metadata daemon.
         Starting Apply Kernel Variables...
         Mounting FUSE Control File System...
         Starting udev Coldplug all Devices...
         Starting Load/Save Random Seed...
         Starting Create Static Device Nodes in /dev...
         Starting Flush Journal to Persistent Storage...
[[0;32m  OK  [0m] Mounted FUSE Control File System.
[[0;32m  OK  [0m] Started Monitoring of LVM2 mirrors,...ng dmeventd or progress polling.
[[0;32m  OK  [0m] Started Apply Kernel Variables.
[[0;32m  OK  [0m] Started Load/Save Random Seed.
[[0;32m  OK  [0m] Started Create Static Device Nodes in /dev.
[[0;32m  OK  [0m] Started udev Coldplug all Devices.
[[0;32m  OK  [0m] Started Flush Journal to Persistent Storage.
         Starting udev Kernel Device Manager...
[[0;32m  OK  [0m] Reached target Local File Systems (Pre).
[[0;32m  OK  [0m] Reached target Local File Systems.
         Starting Initial cloud-init job (pre-networking)...
         Starting Create Volatile Files and Directories...
         Starting LSB: AppArmor initialization...
         Starting Set console font and keymap...
         Starting Tell Plymouth To Write Out Runtime Data...
[[0;32m  OK  [0m] Started udev Kernel Device Manager.
[[0;32m  OK  [0m] Started Create Volatile Files and Directories.
[[0;32m  OK  [0m] Started Tell Plymouth To Write Out Runtime Data.
[[0;32m  OK  [0m] Found device /dev/ttyS0.
[[0;32m  OK  [0m] Started LSB: AppArmor initialization.
[[0;32m  OK  [0m] Listening on Load/Save RF Kill Switch Status /dev/rfkill Watch.
         Starting Update UTMP about System Boot/Shutdown...
[[0;32m  OK  [0m] Started Dispatch Password Requests to Console Directory Watch.
[[0;32m  OK  [0m] Started Set console font and keymap.
[[0;32m  OK  [0m] Created slice system-getty.slice.
[[0;32m  OK  [0m] Started Update UTMP about System Boot/Shutdown.
[   25.968823] cloud-init[479]: Cloud-init v. 19.1-1-gbaa47854-0ubuntu1~16.04.1 running 'init-local' at Mon, 11 Nov 2019 03:59:55 +0000. Up 25.43 seconds.
[[0;32m  OK  [0m] Started Initial cloud-init job (pre-networking).
[[0;32m  OK  [0m] Reached target Network (Pre).
         Starting Raise network interfaces...
[[0;32m  OK  [0m] Started ifup for enp0s3.
[[0;32m  OK  [0m] Started ifup for enp0s8.
[[0;32m  OK  [0m] Started Raise network interfaces.
         Starting Initial cloud-init job (metadata service crawler)...
[[0;32m  OK  [0m] Reached target Network.
[   27.395661] cloud-init[1071]: Cloud-init v. 19.1-1-gbaa47854-0ubuntu1~16.04.1 running 'init' at Mon, 11 Nov 2019 03:59:57 +0000. Up 26.98 seconds.
[   27.506125] [cloud-init[0;32m  OK  [0m[1071]: ] ci-info: ++++++++++++++++++++++++++++++++++++++Net device info+++++++++++++++++++++++++++++++++++++++Started Initial cloud-init job (metadata service crawler).

[   27.507246] cloud-init[1071]: ci-info: +--------+------+-----------------------------+---------------+--------+-------------------+
[   27.753728] [cloud-init[0;32m  OK  [0m[1071]: ] ci-info: | Device |  Up  |           Address           |      Mask     | Scope  |     Hw-Address    |Reached target System Initialization.

[   27.755311] cloud-init[1071]: ci-info: +--------+------+-----------------------------+---------------+--------+-------------------+
[   27.964950] [cloud-init[0;32m  OK  [0m[1071]: ] ci-info: | enp0s3 | True |          10.0.2.15          | 255.255.255.0 | global | 02:aa:bd:5c:10:16 |Started ACPI Events Check.

[   28.189729] [cloud-init[0;32m  OK  [0m[1071]: ] ci-info: | enp0s3 | True |  fe80::aa:bdff:fe5c:1016/64 |       .       |  link  | 02:aa:bd:5c:10:16 |Reached target Paths.

[   28.282951] cloud-init[1071]: ci-info: | enp0s8 | True |        192.168.33.40        | 255.255.255.0 | global | 08:00:27:05:68:76 |
[[0;32m  OK  [0m] Started Daily Cleanup of Temporary Directories.
[   28.284364] cloud-init[1071]: ci-info: | enp0s8 | True | fe80::a00:27ff:fe05:6876/64 |       .       |  link  | 08:00:27:05:68:76 |
[   28.508637] [cloud-init[0;32m  OK  [0m[1071]: ] ci-info: |   lo   | True |          127.0.0.1          |   255.0.0.0   |  host  |         .         |Started Daily apt download activities.

[   28.510068] [cloud-init[0;32m  OK  [0m[1071]: ] ci-info: |   lo   | True |           ::1/128           |       .       |  host  |         .         |Started Daily apt upgrade and clean activities.

[[0;32m  OK  [0m] Listening on ACPID Listen Socket.
         Starting Socket activation for snappy daemon.
[   28.799314] cloud-init[1071]: ci-info: +--------+------+-----------------------------+---------------+--------+-------------------+
[   29.040789]          Starting LXD - unix socket.
cloud-init[1071]: ci-info: ++++++++++++++++++++++++++++Route IPv4 info++++++++++++++++++++++++++++
[   29.160756] cloud-init[1071]: [ci-info: +-------+--------------+----------+---------------+-----------+-------+
[0;32m  OK  [0m] Listening on D-Bus System Message Bus Socket.
[[0;32m  OK  [0m] Listening on UUID daemon activation socket.
[[0;32m  OK  [0m] Reached target Timers.
[[0;32m  OK  [0m] Reached target Network is Online.
[   29.162421] cloud-init[1071]: ci-info: | Route | Destination  | Gateway  |    Genmask    | Interface | Flags |
[   29.420621]          cloud-initStarting iSCSI initiator daemon (iscsid)...[1071]: 
ci-info: +-------+--------------+----------+---------------+-----------+-------+
[   29.548498] [[0;32m  OK  [0m] Reached target Cloud-config availability.
cloud-init[1071]: ci-info: |   0   |   0.0.0.0    | 10.0.2.2 |    0.0.0.0    |   enp0s3  |   UG  |
[   29.652847] [cloud-init[0;32m  OK  [0m[1071]: ] ci-info: |   1   |   10.0.2.0   | 0.0.0.0  | 255.255.255.0 |   enp0s3  |   U   |Listening on Socket activation for snappy daemon.

[   29.653966] cloud-init[1071]: ci-info: |   2   | 192.168.33.0 | 0.0.0.0  | 255.255.255.0 |   enp0s8  |   U   |
[[0;32m  OK  [0m] Listening on LXD - unix socket.
[   29.714798] cloud-init[1071]: ci-info: +-------+--------------+----------+---------------+-----------+-------+
[   29.832874] cloud-init[1071]: ci-info: +++++++++++++++++++Route IPv6 info+++++++++++++++++++
[   29.902345] cloud-init[1071]: ci-info: +-------+-------------+---------+-----------+-------+
[   29.934922] [[0;32m  OK  [0m] Started iSCSI initiator daemon (iscsid).
cloud-init[1071]: ci-info: | Route | Destination | Gateway | Interface | Flags |
         Starting Login to default iSCSI targets...
[   30.057480] cloud-init[1071]: ci-info: +-------+-------------+---------+-----------+-------+
[   30.144341] cloud-init[1071]: ci-info: |   0   |  fe80::/64  |    ::   |   enp0s3  |   U   |
[[0;32m  OK  [0m] Reached target Sockets.
[[0;32m  OK  [0m] Reached target Basic System.
[   30.199552] cloud-init[1071]: ci-info: |   1   |  fe80::/64  |    ::   |   enp0s8  |   U   |
         Starting LSB: Record successful boot for GRUB...
[   30.285982] cloud-init[1071]: ci-info: |   4   |   ff00::/8  |    ::   |   enp0s3  |   U   |
         Starting LXD - container startup/shutdown...
[   30.370928] cloud-init[1071]: ci-info: |   5   |   ff00::/8  |    ::   |   enp0s8  |   U   |
[   30.448964]          cloud-init[1071]: ci-info: +-------+-------------+---------+-----------+-------+
Starting Virtualbox guest utils...
         Starting LSB: MD monitoring daemon...
         Starting OpenBSD Secure Shell server...
[[0;32m  OK  [0m] Started Deferred execution scheduler.
         Starting System Logging Service...
[[0;32m  OK  [0m] Started D-Bus System Message Bus.
[[0;32m  OK  [0m] Started ACPI event daemon.
         Starting Accounts Service...
         Starting /etc/rc.local Compatibility...
         Starting Login Service...
[[0;32m  OK  [0m] Started Regular background program processing daemon.
[[0;32m  OK  [0m] Started FUSE filesystem for LXC.
         Starting Snappy daemon...
[[0;32m  OK  [0m] Started System Logging Service.
[[0;32m  OK  [0m] Started LXD - container startup/shutdown.
[[0;32m  OK  [0m] Started /etc/rc.local Compatibility.
[[0;32m  OK  [0m] Started OpenBSD Secure Shell server.
[[0;32m  OK  [0m] Started Login to default iSCSI targets.
[[0;32m  OK  [0m] Started LSB: Record successful boot for GRUB.
[[0;32m  OK  [0m] Started LSB: MD monitoring daemon.
[[0;32m  OK  [0m] Started Snappy daemon.
[[0;32m  OK  [0m] Started Virtualbox guest utils.
         Starting Authenticate and Authorize Users to Run Privileged Tasks...
         Starting Wait until snapd is fully seeded...
[[0;32m  OK  [0m] Reached target Remote File Systems (Pre).
[[0;32m  OK  [0m] Reached target Remote File Systems.
         Starting LSB: Start Jenkins at boot time...
         Starting LSB: Set the CPU Frequency Scaling governor to "ondemand"...
         Starting LSB: automatic crash report generation...
         Starting LSB: daemon to balance interrupts for SMP systems...
         Starting Permit User Sessions...
[[0;32m  OK  [0m] Started Wait until snapd is fully seeded.
[[0;32m  OK  [0m] Started Permit User Sessions.
[[0;32m  OK  [0m] Started Login Service.
[[0;32m  OK  [0m] Started Authenticate and Authorize Users to Run Privileged Tasks.
[[0;32m  OK  [0m] Started Accounts Service.
[[0;32m  OK  [0m] Started Unattended Upgrades Shutdown.
         Starting Terminate Plymouth Boot Screen...
         Starting Hold until boot process finishes up...
         Starting Apply the settings specified in cloud-config...
[[0;32m  OK  [0m] Started LSB: Set the CPU Frequency Scaling governor to "ondemand".
[[0;32m  OK  [0m] Started LSB: automatic crash report generation.
[[0;32m  OK  [0m] Started LSB: daemon to balance interrupts for SMP systems.
[[0;32m  OK  [0m] Started Terminate Plymouth Boot Screen.
[[0;32m  OK  [0m] Started Hold until boot process finishes up.
[[0;32m  OK  [0m] Created slice User Slice of vagrant.
         Starting User Manager for UID 1000...
[[0;32m  OK  [0m] Started Session 1 of user vagrant.
[[0;32m  OK  [0m] Started Serial Getty on ttyS0.
         Starting Set console scheme...
[[0;32m  OK  [0m] Started Getty on tty1.
[[0;32m  OK  [0m] Reached target Login Prompts.
[[0;32m  OK  [0m] Started User Manager for UID 1000.
[[0;32m  OK  [0m] Started Set console scheme.
[[0;32m  OK  [0m] Created slice User Slice of jenkins.
[   32.977412] cloud-init[1335]: Cloud-init v. 19.1-1-gbaa47854-0ubuntu1~16.04.1 running 'modules:config' at Mon, 11 Nov 2019 04:00:03 +0000. Up 32.82 seconds.
         Starting User Manager for UID 112...
[[0;32m  OK  [0m] Started User Manager for UID 112.
[[0;32m  OK  [0m] Started Apply the settings specified in cloud-config.
[[0;32m  OK  [0m] Started Session c1 of user jenkins.
[[0;32m  OK  [0m] Started LSB: Start Jenkins at boot time.
[[0;32m  OK  [0m] Reached target Multi-User System.
[[0;32m  OK  [0m] Reached target Graphical Interface.
         Starting Execute cloud user/final scripts...
         Starting Update UTMP about System Runlevel Changes...
[[0;32m  OK  [0m] Started Update UTMP about System Runlevel Changes.
[   35.058525] cloud-init[1478]: Cloud-init v. 19.1-1-gbaa47854-0ubuntu1~16.04.1 running 'modules:final' at Mon, 11 Nov 2019 04:00:05 +0000. Up 34.89 seconds.
[   35.160622] cloud-init[1478]: Cloud-init v. 19.1-1-gbaa47854-0ubuntu1~16.04.1 finished at Mon, 11 Nov 2019 04:00:05 +0000. Datasource DataSourceNoCloud [seed=/dev/sdb][dsmode=net].  Up 35.04 seconds
[[0;32m  OK  [0m] Started Execute cloud user/final scripts.
[[0;32m  OK  [0m] Reached target Cloud-init target.

Ubuntu 16.04.6 LTS jenkins ttyS0

jenkins login: [[0;32m  OK  [0m] Stopped target Graphical Interface.
         Stopping User Manager for UID 1         Stopping LSB: Set the CPU Frequency Scaling governor to "ondemand"...
         Stopping D-Bus System Message Bus...
[[0;32m  OK  [0m] Stopped Daily apt download activities.
[[0;32m  OK  [0m] Stopped target System Time Synchronized.
         Stopping ACPI event daemon...
         Stopping Session 8 of user vagrant.
[[0;32m  OK  [0m] Unmounted /var/lib/lxcfs.
[[0;32m  OK  [0m] Stopped Deferred execution scheduler.
[[0;32m  OK  [0m] Stopped System Logging Service.
[[0;32m  OK  [0m] Stopped ACPI event daemon.
[[0;32m  OK  [0m] Stopped Accounts Service.
[[0;32m  OK  [0m] Stopped Regular background program processing daemon.
[[0;32m  OK  [0m] Stopped OpenBSD Secure Shell server.
[[0;32m  OK  [0m] Stopped Authenticate and Authorize Users to Run Privileged Tasks.
[[0;32m  OK  [0m] Stopped Unattended Upgrades Shutdown.
[[0;32m  OK  [0m] Stopped Serial Getty on ttyS0.
[[0;32m  OK  [0m] Stopped Getty on tty1.
[[0;32m  OK  [0m] Stopped User Manager for UID 112.
[[0;32m  OK  [0m] Stopped Session c1 of user jenkins.
[[0;32m  OK  [0m] Stopped User Manager for UID 1000.
[[0;32m  OK  [0m] Stopped D-Bus System Message Bus.
[[0;32m  OK  [0m] Stopped Session 8 of user vagrant.
[[0;32m  OK  [0m] Stopped FUSE filesystem for LXC.
[[0;32m  OK  [0m] Stopped LXD - container startup/shutdown.
[[0;32m  OK  [0m] Stopped LSB: MD monitoring daemon.
[[0;32m  OK  [0m] Stopped LSB: Record successful boot for GRUB.
[[0;32m  OK  [0m] Stopped Virtualbox guest utils.
[[0;32m  OK  [0m] Stopped LSB: daemon to balance interrupts for SMP systems.
[[0;32m  OK  [0m] Stopped LSB: automatic crash report generation.
[[0;32m  OK  [0m] Stopped LSB: Set the CPU Frequency Scaling governor to "ondemand".
[[0;32m  OK  [0m] Stopped LSB: Start Jenkins at boot time.
[[0;32m  OK  [0m] Removed slice User Slice of vagrant.
[[0;32m  OK  [0m] Removed slice User Slice of jenkins.
[[0;32m  OK  [0m] Removed slice system-getty.slice.
[[0;32m  OK  [0m] Stopped /etc/rc.local Compatibility.
         Stopping Permit User Sessions...
[[0;32m  OK  [0m] Removed slice system-serial\x2dgetty.slice.
         Stopping Login Service...
[[0;32m  OK  [0m] Stopped Permit User Sessions.
[[0;32m  OK  [0m] Stopped Login Service.
[[0;32m  OK  [0m] Stopped target Remote File Systems.
[[0;32m  OK  [0m] Stopped target Remote File Systems (Pre).
         Stopping Login to default iSCSI targets...
[[0;32m  OK  [0m] Stopped target User and Group Name Lookups.
[[0;32m  OK  [0m] Stopped target Basic System.
[[0;32m  OK  [0m] Stopped target Sockets.
[[0;32m  OK  [0m] Closed Syslog Socket.
[[0;32m  OK  [0m] Closed D-Bus System Message Bus Socket.
[[0;32m  OK  [0m] Closed Socket activation for snappy daemon.
[[0;32m  OK  [0m] Closed LXD - unix socket.
[[0;32m  OK  [0m] Closed ACPID Listen Socket.
[[0;32m  OK  [0m] Closed UUID daemon activation socket.
[[0;32m  OK  [0m] Stopped target Slices.
[[0;32m  OK  [0m] Removed slice User and Session Slice.
[[0;32m  OK  [0m] Stopped target Paths.
[[0;32m  OK  [0m] Stopped ACPI Events Check.
[[0;32m  OK  [0m] Stopped Dispatch Password Requests to Console Directory Watch.
[[0;32m  OK  [0m] Stopped Forward Password Requests to Wall Directory Watch.
[[0;32m  OK  [0m] Stopped target System Initialization.
[[0;32m  OK  [0m] Stopped target Swap.
         Stopping Load/Save Random Seed...
[[0;32m  OK  [0m] Stopped Create Volatile Files and Directories.
[[0;32m  OK  [0m] Stopped target Encrypted Volumes.
[[0;32m  OK  [0m] Stopped Load/Save Random Seed.
[[0;32m  OK  [0m] Stopped Login to default iSCSI targets.
         Stopping iSCSI initiator daemon (iscsid)...
[[0;32m  OK  [0m] Stopped iSCSI initiator daemon (iscsid).
[[0;32m  OK  [0m] Stopped target Network is Online.
[[0;32m  OK  [0m] Stopped Initial cloud-init job (metadata service crawler).
[[0;32m  OK  [0m] Stopped target Network.
         Stopping Raise network interfaces...
[[0;32m  OK  [0m] Stopped Raise network interfaces.
[[0;32m  OK  [0m] Stopped target Network (Pre).
[[0;32m  OK  [0m] Stopped Initial cloud-init job (pre-networking).
[[0;32m  OK  [0m] Stopped target Local File Systems.
         Unmounting /run/user/112...
         Unmounting /run/user/1000...
         Unmounting /vagrant...
[[0;32m  OK  [0m] Stopped Apply Kernel Variables.
[[0;32m  OK  [0m] Stopped Load Kernel Modules.
[[0;32m  OK  [0m] Unmounted /run/user/112.
[[0;32m  OK  [0m] Unmounted /run/user/1000.
[[0;32m  OK  [0m] Unmounted /vagrant.
[[0;32m  OK  [0m] Reached target Unmount All Filesystems.
[[0;32m  OK  [0m] Stopped target Local File Systems (Pre).
[[0;32m  OK  [0m] Stopped Remount Root and Kernel File Systems.
[[0;32m  OK  [0m] Stopped Create Static Device Nodes in /dev.
[[0;32m  OK  [0m] Reached target Shutdown.
[ 43.22049]reotPor wn
